2202162: France 1.875310 46.799535
148838: United States of America -99.009067 36.818430
51477: Germany 10.591708 51.185001
365331: Italy 14.188595 41.703519
382313: Japan 142.951447 43.433954
