(142.951447,43.433954): Japan (142.951447,43.433954)
