(2.000000,47.000000): Issoudun (2.002193,46.944802)
(-99.000000,37.000000): United States of America (-99.009067,36.818430)
(10.500000,51.000000): Eisenach (10.316700,50.983300)
(14.000000,41.500000): Italy (14.188595,41.703519)
