(1.875310,46.799535): France (1.875310,46.799535)
(-99.009067,36.818430): United States of America (-99.009067,36.818430)
(10.591708,51.185001): Germany (10.591708,51.185001)
