2202162: France 1.875310 46.799535
110261421: Don 41.994912 47.559209
1804463: Lamblore 0.916395 48.625580
