3720376: Song 12.642119 9.778980
168850: Saint-Prim 4.798671 45.444142
2451539: Plaine-de-Walsch 7.169138 48.690937
30113824: NU -78.867903 52.758684
3093621: Rouelles 5.085200 47.803959
