110261421: Don 41.994912 47.559209
110261421: Don 41.994912 47.559209
110261421: Don 41.994912 47.559209
