(142.951447,43.433954): Hokkaido (142.951447,43.433954)
