(2.000000,47.000000): France (1.875310,46.799535)
(-99.000000,37.000000): United States of America (-99.009067,36.818430)
(10.500000,51.000000): Germany (10.591708,51.185001)
(14.000000,41.500000): Germany (10.591708,51.185001)
