(1.870000,46.790000): France (1.875310,46.799535)
(41.990000,47.550000): Don (41.994912,47.559209)
(0.910000,48.620000): Lamblore (0.916395,48.625580)
