2202162: France 1.875310 46.799535
148838: United States of America -99.009067 36.818430
51477: Germany 10.591708 51.185001
