(-115333333333.000000,-13166666666666.000000): South Pacific Ocean (-130.000000,-45.000000)
(92233720368.000000,9223372036.000000): Chukotka (169.490087,66.000647)
