(41.994912,47.559209): Don (41.994912,47.559209)
(41.994912,47.559209): Don (41.994912,47.559209)
(41.994912,47.559209): Don (41.994912,47.559209)
